2025-01-21 21:21:19 [background-preinit] INFO  o.h.validator.internal.util.Version - HV000001: Hibernate Validator 7.0.0.Final
2025-01-21 21:21:19 [main] INFO  c.s.c.CampaignApiApplication - Starting CampaignApiApplication using Java 17.0.8.1 with PID 22476 (D:\project\camp-api\campaignapi\target\classes started by shibi in D:\project\camp-api\campaignapi)
2025-01-21 21:21:19 [main] INFO  c.s.c.CampaignApiApplication - No active profile set, falling back to 1 default profile: "default"
2025-01-21 21:21:20 [main] INFO  o.s.d.r.c.RepositoryConfigurationDelegate - Bootstrapping Spring Data JPA repositories in DEFAULT mode.
2025-01-21 21:21:20 [main] INFO  o.s.d.r.c.RepositoryConfigurationDelegate - Finished Spring Data repository scanning in 102 ms. Found 9 JPA repository interfaces.
2025-01-21 21:21:21 [main] INFO  o.s.b.w.e.tomcat.TomcatWebServer - Tomcat initialized with port(s): 8080 (http)
2025-01-21 21:21:21 [main] INFO  o.a.coyote.http11.Http11NioProtocol - Initializing ProtocolHandler ["http-nio-8080"]
2025-01-21 21:21:21 [main] INFO  o.a.catalina.core.StandardService - Starting service [Tomcat]
2025-01-21 21:21:21 [main] INFO  o.a.catalina.core.StandardEngine - Starting Servlet engine: [Apache Tomcat/10.1.13]
2025-01-21 21:21:21 [main] INFO  o.a.c.c.C.[.[localhost].[/api] - Initializing Spring embedded WebApplicationContext
2025-01-21 21:21:21 [main] INFO  o.s.b.w.s.c.ServletWebServerApplicationContext - Root WebApplicationContext: initialization completed in 1700 ms
2025-01-21 21:21:21 [main] INFO  o.h.jpa.internal.util.LogHelper - HHH000204: Processing PersistenceUnitInfo [name: default]
2025-01-21 21:21:21 [main] INFO  org.hibernate.Version - HHH000412: Hibernate ORM core version 6.2.9.Final
2025-01-21 21:21:21 [main] INFO  org.hibernate.cfg.Environment - HHH000406: Using bytecode reflection optimizer
2025-01-21 21:21:21 [main] INFO  o.h.b.i.BytecodeProviderInitiator - HHH000021: Bytecode provider name : bytebuddy
2025-01-21 21:21:21 [main] INFO  o.s.o.j.p.SpringPersistenceUnitInfo - No LoadTimeWeaver setup: ignoring JPA class transformer
2025-01-21 21:21:21 [main] INFO  com.zaxxer.hikari.HikariDataSource - HikariPool-1 - Starting...
2025-01-21 21:21:22 [main] INFO  com.zaxxer.hikari.pool.HikariPool - HikariPool-1 - Added connection com.mysql.cj.jdbc.ConnectionImpl@7079f8f0
2025-01-21 21:21:22 [main] INFO  com.zaxxer.hikari.HikariDataSource - HikariPool-1 - Start completed.
2025-01-21 21:21:22 [main] INFO  o.h.b.i.BytecodeProviderInitiator - HHH000021: Bytecode provider name : bytebuddy
2025-01-21 21:21:23 [main] INFO  o.h.e.t.j.p.i.JtaPlatformInitiator - HHH000490: Using JtaPlatform implementation: [org.hibernate.engine.transaction.jta.platform.internal.NoJtaPlatform]
2025-01-21 21:21:23 [main] INFO  o.s.o.j.LocalContainerEntityManagerFactoryBean - Initialized JPA EntityManagerFactory for persistence unit 'default'
2025-01-21 21:21:24 [main] INFO  c.s.c.config.FirebaseConfig - Firebase initialized successfully.
2025-01-21 21:21:24 [main] INFO  c.s.c.service.AuthenticationService - AuthenticationService initialized.
2025-01-21 21:21:24 [main] INFO  o.s.b.f.a.AutowiredAnnotationBeanPostProcessor - Autowired annotation is not supported on static fields: private static final org.slf4j.Logger com.shiel.campaignapi.service.BookingService.logger
2025-01-21 21:21:24 [main] INFO  org.quartz.impl.StdSchedulerFactory - Using default implementation for ThreadExecutor
2025-01-21 21:21:24 [main] INFO  o.quartz.core.SchedulerSignalerImpl - Initialized Scheduler Signaller of type: class org.quartz.core.SchedulerSignalerImpl
2025-01-21 21:21:24 [main] INFO  org.quartz.core.QuartzScheduler - Quartz Scheduler v.2.3.2 created.
2025-01-21 21:21:24 [main] INFO  org.quartz.simpl.RAMJobStore - RAMJobStore initialized.
2025-01-21 21:21:24 [main] INFO  org.quartz.core.QuartzScheduler - Scheduler meta-data: Quartz Scheduler (v2.3.2) 'MeetingScheduler' with instanceId 'NON_CLUSTERED'
  Scheduler class: 'org.quartz.core.QuartzScheduler' - running locally.
  NOT STARTED.
  Currently in standby mode.
  Number of jobs executed: 0
  Using thread pool 'org.quartz.simpl.SimpleThreadPool' - with 10 threads.
  Using job-store 'org.quartz.simpl.RAMJobStore' - which does not support persistence. and is not clustered.

2025-01-21 21:21:24 [main] INFO  org.quartz.impl.StdSchedulerFactory - Quartz scheduler 'MeetingScheduler' initialized from an externally provided properties instance.
2025-01-21 21:21:24 [main] INFO  org.quartz.impl.StdSchedulerFactory - Quartz scheduler version: 2.3.2
2025-01-21 21:21:24 [main] INFO  org.quartz.core.QuartzScheduler - JobFactory set to: org.springframework.scheduling.quartz.SpringBeanJobFactory@58d635de
2025-01-21 21:21:24 [main] INFO  o.s.s.web.DefaultSecurityFilterChain - Will secure any request with [org.springframework.security.web.session.DisableEncodeUrlFilter@1e11d73c, org.springframework.security.web.context.request.async.WebAsyncManagerIntegrationFilter@62a09668, org.springframework.security.web.context.SecurityContextHolderFilter@5207747c, org.springframework.security.web.header.HeaderWriterFilter@72769bf5, org.springframework.security.web.authentication.logout.LogoutFilter@7892635c, com.shiel.campaignapi.config.JwtAuthenticationFilter@3445341, org.springframework.security.web.savedrequest.RequestCacheAwareFilter@5f0c45ae, org.springframework.security.web.servletapi.SecurityContextHolderAwareRequestFilter@1131fcfd, org.springframework.security.web.authentication.AnonymousAuthenticationFilter@5232cec1, org.springframework.security.web.session.SessionManagementFilter@4a3e1b5d, org.springframework.security.web.access.ExceptionTranslationFilter@a55b4f9, org.springframework.security.web.access.intercept.AuthorizationFilter@5275d709]
2025-01-21 21:21:25 [main] INFO  o.a.coyote.http11.Http11NioProtocol - Starting ProtocolHandler ["http-nio-8080"]
2025-01-21 21:21:25 [main] INFO  o.s.b.w.e.tomcat.TomcatWebServer - Tomcat started on port(s): 8080 (http) with context path '/api'
2025-01-21 21:21:25 [main] INFO  o.s.s.quartz.SchedulerFactoryBean - Starting Quartz Scheduler now
2025-01-21 21:21:25 [main] INFO  org.quartz.core.QuartzScheduler - Scheduler MeetingScheduler_$_NON_CLUSTERED started.
2025-01-21 21:21:25 [main] INFO  c.s.c.CampaignApiApplication - Started CampaignApiApplication in 5.958 seconds (process running for 7.171)
2025-01-21 21:21:35 [http-nio-8080-exec-1] INFO  o.a.c.c.C.[.[localhost].[/api] - Initializing Spring DispatcherServlet 'dispatcherServlet'
2025-01-21 21:21:35 [http-nio-8080-exec-1] INFO  o.s.web.servlet.DispatcherServlet - Initializing Servlet 'dispatcherServlet'
2025-01-21 21:21:35 [http-nio-8080-exec-1] INFO  o.s.web.servlet.DispatcherServlet - Completed initialization in 3 ms
2025-01-21 21:21:35 [http-nio-8080-exec-1] INFO  c.s.c.service.AuthenticationService - Attempting authentication for identifier: shibinshibu10@gmail.com
2025-01-21 21:21:36 [http-nio-8080-exec-1] INFO  c.s.c.service.AuthenticationService - Authentication successful for user with email: shibinshibu10@gmail.com
2025-01-21 21:22:08 [http-nio-8080-exec-4] INFO  c.s.c.service.AuthenticationService - Attempting authentication for identifier: shibinshibu7078@gmail.com
2025-01-21 21:22:08 [http-nio-8080-exec-4] INFO  c.s.c.service.AuthenticationService - Authentication successful for user with email: shibinshibu7078@gmail.com
2025-01-21 21:22:19 [http-nio-8080-exec-5] INFO  c.s.c.service.BookingService - Fetching all bookings...
2025-01-21 21:22:19 [http-nio-8080-exec-5] INFO  c.s.c.service.BookingService - Found 2 bookings.
2025-01-21 21:31:29 [background-preinit] INFO  o.h.validator.internal.util.Version - HV000001: Hibernate Validator 7.0.0.Final
2025-01-21 21:31:29 [main] INFO  c.s.c.CampaignApiApplication - Starting CampaignApiApplication using Java 17.0.8.1 with PID 9792 (D:\project\camp-api\campaignapi\target\classes started by shibi in D:\project\camp-api\campaignapi)
2025-01-21 21:31:29 [main] INFO  c.s.c.CampaignApiApplication - No active profile set, falling back to 1 default profile: "default"
2025-01-21 21:31:29 [main] INFO  o.s.d.r.c.RepositoryConfigurationDelegate - Bootstrapping Spring Data JPA repositories in DEFAULT mode.
2025-01-21 21:31:29 [main] INFO  o.s.d.r.c.RepositoryConfigurationDelegate - Finished Spring Data repository scanning in 53 ms. Found 9 JPA repository interfaces.
2025-01-21 21:31:30 [main] INFO  o.s.b.w.e.tomcat.TomcatWebServer - Tomcat initialized with port(s): 8080 (http)
2025-01-21 21:31:30 [main] INFO  o.a.coyote.http11.Http11NioProtocol - Initializing ProtocolHandler ["http-nio-8080"]
2025-01-21 21:31:30 [main] INFO  o.a.catalina.core.StandardService - Starting service [Tomcat]
2025-01-21 21:31:30 [main] INFO  o.a.catalina.core.StandardEngine - Starting Servlet engine: [Apache Tomcat/10.1.13]
2025-01-21 21:31:30 [main] INFO  o.a.c.c.C.[.[localhost].[/api] - Initializing Spring embedded WebApplicationContext
2025-01-21 21:31:30 [main] INFO  o.s.b.w.s.c.ServletWebServerApplicationContext - Root WebApplicationContext: initialization completed in 1062 ms
2025-01-21 21:31:30 [main] INFO  o.h.jpa.internal.util.LogHelper - HHH000204: Processing PersistenceUnitInfo [name: default]
2025-01-21 21:31:30 [main] INFO  org.hibernate.Version - HHH000412: Hibernate ORM core version 6.2.9.Final
2025-01-21 21:31:30 [main] INFO  org.hibernate.cfg.Environment - HHH000406: Using bytecode reflection optimizer
2025-01-21 21:31:30 [main] INFO  o.h.b.i.BytecodeProviderInitiator - HHH000021: Bytecode provider name : bytebuddy
2025-01-21 21:31:30 [main] INFO  o.s.o.j.p.SpringPersistenceUnitInfo - No LoadTimeWeaver setup: ignoring JPA class transformer
2025-01-21 21:31:30 [main] INFO  com.zaxxer.hikari.HikariDataSource - HikariPool-1 - Starting...
2025-01-21 21:31:30 [main] INFO  com.zaxxer.hikari.pool.HikariPool - HikariPool-1 - Added connection com.mysql.cj.jdbc.ConnectionImpl@4768b95c
2025-01-21 21:31:30 [main] INFO  com.zaxxer.hikari.HikariDataSource - HikariPool-1 - Start completed.
2025-01-21 21:31:31 [main] INFO  o.h.b.i.BytecodeProviderInitiator - HHH000021: Bytecode provider name : bytebuddy
2025-01-21 21:31:31 [main] INFO  o.h.e.t.j.p.i.JtaPlatformInitiator - HHH000490: Using JtaPlatform implementation: [org.hibernate.engine.transaction.jta.platform.internal.NoJtaPlatform]
2025-01-21 21:31:32 [main] INFO  o.s.o.j.LocalContainerEntityManagerFactoryBean - Initialized JPA EntityManagerFactory for persistence unit 'default'
2025-01-21 21:31:32 [main] INFO  c.s.c.config.FirebaseConfig - Firebase initialized successfully.
2025-01-21 21:31:32 [main] INFO  c.s.c.service.AuthenticationService - AuthenticationService initialized.
2025-01-21 21:31:32 [main] INFO  o.s.b.f.a.AutowiredAnnotationBeanPostProcessor - Autowired annotation is not supported on static fields: private static final org.slf4j.Logger com.shiel.campaignapi.service.BookingService.logger
2025-01-21 21:31:32 [main] INFO  org.quartz.impl.StdSchedulerFactory - Using default implementation for ThreadExecutor
2025-01-21 21:31:32 [main] INFO  o.quartz.core.SchedulerSignalerImpl - Initialized Scheduler Signaller of type: class org.quartz.core.SchedulerSignalerImpl
2025-01-21 21:31:32 [main] INFO  org.quartz.core.QuartzScheduler - Quartz Scheduler v.2.3.2 created.
2025-01-21 21:31:32 [main] INFO  org.quartz.simpl.RAMJobStore - RAMJobStore initialized.
2025-01-21 21:31:32 [main] INFO  org.quartz.core.QuartzScheduler - Scheduler meta-data: Quartz Scheduler (v2.3.2) 'MeetingScheduler' with instanceId 'NON_CLUSTERED'
  Scheduler class: 'org.quartz.core.QuartzScheduler' - running locally.
  NOT STARTED.
  Currently in standby mode.
  Number of jobs executed: 0
  Using thread pool 'org.quartz.simpl.SimpleThreadPool' - with 10 threads.
  Using job-store 'org.quartz.simpl.RAMJobStore' - which does not support persistence. and is not clustered.

2025-01-21 21:31:32 [main] INFO  org.quartz.impl.StdSchedulerFactory - Quartz scheduler 'MeetingScheduler' initialized from an externally provided properties instance.
2025-01-21 21:31:32 [main] INFO  org.quartz.impl.StdSchedulerFactory - Quartz scheduler version: 2.3.2
2025-01-21 21:31:32 [main] INFO  org.quartz.core.QuartzScheduler - JobFactory set to: org.springframework.scheduling.quartz.SpringBeanJobFactory@64d0b8e3
2025-01-21 21:31:32 [main] INFO  o.s.s.web.DefaultSecurityFilterChain - Will secure any request with [org.springframework.security.web.session.DisableEncodeUrlFilter@1ed763aa, org.springframework.security.web.context.request.async.WebAsyncManagerIntegrationFilter@7f39bcb5, org.springframework.security.web.context.SecurityContextHolderFilter@6fa48ee4, org.springframework.security.web.header.HeaderWriterFilter@352288bc, org.springframework.security.web.authentication.logout.LogoutFilter@46d2be66, com.shiel.campaignapi.config.JwtAuthenticationFilter@1488d1c, org.springframework.security.web.savedrequest.RequestCacheAwareFilter@53c39950, org.springframework.security.web.servletapi.SecurityContextHolderAwareRequestFilter@221ef0f0, org.springframework.security.web.authentication.AnonymousAuthenticationFilter@4e6881e, org.springframework.security.web.session.SessionManagementFilter@30dabb23, org.springframework.security.web.access.ExceptionTranslationFilter@72f5fb36, org.springframework.security.web.access.intercept.AuthorizationFilter@7e93e396]
2025-01-21 21:31:33 [main] INFO  o.a.coyote.http11.Http11NioProtocol - Starting ProtocolHandler ["http-nio-8080"]
2025-01-21 21:31:33 [main] INFO  o.s.b.w.e.tomcat.TomcatWebServer - Tomcat started on port(s): 8080 (http) with context path '/api'
2025-01-21 21:31:33 [main] INFO  o.s.s.quartz.SchedulerFactoryBean - Starting Quartz Scheduler now
2025-01-21 21:31:33 [main] INFO  org.quartz.core.QuartzScheduler - Scheduler MeetingScheduler_$_NON_CLUSTERED started.
2025-01-21 21:31:33 [main] INFO  c.s.c.CampaignApiApplication - Started CampaignApiApplication in 4.068 seconds (process running for 4.741)
2025-01-21 21:32:28 [http-nio-8080-exec-2] INFO  o.a.c.c.C.[.[localhost].[/api] - Initializing Spring DispatcherServlet 'dispatcherServlet'
2025-01-21 21:32:28 [http-nio-8080-exec-2] INFO  o.s.web.servlet.DispatcherServlet - Initializing Servlet 'dispatcherServlet'
2025-01-21 21:32:28 [http-nio-8080-exec-2] INFO  o.s.web.servlet.DispatcherServlet - Completed initialization in 1 ms
2025-01-21 21:32:28 [http-nio-8080-exec-2] INFO  c.s.c.service.AuthenticationService - Attempting authentication for identifier: shibinshibu7078@gmail.com
2025-01-21 21:32:28 [http-nio-8080-exec-2] INFO  c.s.c.service.AuthenticationService - Authentication successful for user with email: shibinshibu7078@gmail.com
2025-01-21 21:32:47 [http-nio-8080-exec-3] INFO  c.s.c.service.BookingService - Fetching all bookings...
2025-01-21 21:32:47 [http-nio-8080-exec-3] INFO  c.s.c.service.BookingService - Found 2 bookings.
2025-01-21 21:33:01 [http-nio-8080-exec-4] INFO  c.s.c.service.BookingService - Fetching booking with dependents for booking ID: 2
2025-01-21 21:33:01 [http-nio-8080-exec-4] INFO  c.s.c.service.BookingService - Booking with dependents fetched successfully for ID: 2
